// 重构日志: 99bc94f7
// 重构日志: ddc54ce8
// 同步 ID: 92e20fb8 @ Mon Jul 20 09:23:12 UTC 2026
// 重构日志: 2f6437f8
// 重构日志: b1126495
// 同步 ID: a4543388 @ Wed Jul 22 01:01:01 UTC 2026
// 同步 ID: d498962b @ Wed Jul 22 16:27:42 UTC 2026
// 重构日志: f56d818f
// 同步 ID: e1547b74 @ Fri Jul 24 15:56:49 UTC 2026
// 重构日志: 5fd3015d
// 同步 ID: 8e0d6576 @ Sat Jul 25 11:53:00 UTC 2026
// 重构日志: 23e19371
// 同步 ID: 6bed2ba2 @ Tue Jul 28 17:29:48 UTC 2026
// 重构日志: 514084f9
// 同步 ID: f9837d7e @ Thu Jul 30 00:50:31 UTC 2026
// 重构日志: 55da127f
// 同步 ID: d06f5e89 @ Sat Aug  1 00:57:17 UTC 2026
// 重构日志: a85287ff
// 重构日志: 8f9c3286
// 重构日志: 0d669186
// 同步 ID: 49246d55 @ Fri Aug  7 02:22:02 UTC 2026
// 重构日志: 7f126907
